Archive member included to satisfy reference by file (symbol)

/usr/lib/gcc/arm-none-eabi/4.8/../../../arm-none-eabi/lib/armv7e-m/libc.a(lib_a-atoi.o)
                              build/obj/myMisc.o (atoi)
/usr/lib/gcc/arm-none-eabi/4.8/../../../arm-none-eabi/lib/armv7e-m/libc.a(lib_a-memcpy.o)
                              build/obj/usb_lld.o (memcpy)
/usr/lib/gcc/arm-none-eabi/4.8/../../../arm-none-eabi/lib/armv7e-m/libc.a(lib_a-memset.o)
                              build/obj/usb.o (memset)
/usr/lib/gcc/arm-none-eabi/4.8/../../../arm-none-eabi/lib/armv7e-m/libc.a(lib_a-rand.o)
                              build/obj/led_blinking.o (srand)
/usr/lib/gcc/arm-none-eabi/4.8/../../../arm-none-eabi/lib/armv7e-m/libc.a(lib_a-strcasecmp.o)
                              build/obj/shell.o (strcasecmp)
/usr/lib/gcc/arm-none-eabi/4.8/../../../arm-none-eabi/lib/armv7e-m/libc.a(lib_a-strpbrk.o)
                              build/obj/shell.o (strpbrk)
/usr/lib/gcc/arm-none-eabi/4.8/../../../arm-none-eabi/lib/armv7e-m/libc.a(lib_a-strspn.o)
                              build/obj/shell.o (strspn)
/usr/lib/gcc/arm-none-eabi/4.8/../../../arm-none-eabi/lib/armv7e-m/libc.a(lib_a-strtol.o)
                              /usr/lib/gcc/arm-none-eabi/4.8/../../../arm-none-eabi/lib/armv7e-m/libc.a(lib_a-atoi.o) (_strtol_r)
/usr/lib/gcc/arm-none-eabi/4.8/../../../arm-none-eabi/lib/armv7e-m/libc.a(lib_a-ctype_.o)
                              /usr/lib/gcc/arm-none-eabi/4.8/../../../arm-none-eabi/lib/armv7e-m/libc.a(lib_a-strcasecmp.o) (__ctype_ptr__)
/usr/lib/gcc/arm-none-eabi/4.8/../../../arm-none-eabi/lib/armv7e-m/libc.a(lib_a-impure.o)
                              /usr/lib/gcc/arm-none-eabi/4.8/../../../arm-none-eabi/lib/armv7e-m/libc.a(lib_a-rand.o) (_impure_ptr)

Discarded input sections

 .text          0x0000000000000000        0x0 build/obj/main.o
 .data          0x0000000000000000        0x0 build/obj/main.o
 .bss           0x0000000000000000        0x0 build/obj/main.o
 .rodata.commands
                0x0000000000000000       0x38 build/obj/main.o
 .rodata.shell_cfg1
                0x0000000000000000        0x8 build/obj/main.o
 .data.msg      0x0000000000000000       0x48 build/obj/main.o
 .text          0x0000000000000000        0x0 build/obj/myMisc.o
 .data          0x0000000000000000        0x0 build/obj/myMisc.o
 .bss           0x0000000000000000        0x0 build/obj/myMisc.o
 .text.cmd_mem  0x0000000000000000       0x70 build/obj/myMisc.o
 .text.cmd_threads
                0x0000000000000000       0xc0 build/obj/myMisc.o
 .text.cmd_toggle
                0x0000000000000000       0x90 build/obj/myMisc.o
 .text.cmd_blinkspeed
                0x0000000000000000       0x50 build/obj/myMisc.o
 .bss.c         0x0000000000000000        0x4 build/obj/myMisc.o
 .text.counter  0x0000000000000000       0x20 build/obj/myMisc.o
 .text.change   0x0000000000000000       0x20 build/obj/myMisc.o
 .data.states.7705
                0x0000000000000000       0x3c build/obj/myMisc.o
 .text          0x0000000000000000        0x0 build/obj/led_blinking.o
 .data          0x0000000000000000        0x0 build/obj/led_blinking.o
 .bss           0x0000000000000000        0x0 build/obj/led_blinking.o
 .bss.waPort_D0_Blinker
                0x0000000000000000      0x1b8 build/obj/led_blinking.o
 .rodata        0x0000000000000000       0x40 build/obj/led_blinking.o
 .text.Port_D0_Blinker
                0x0000000000000000       0xd0 build/obj/led_blinking.o
 .bss.waPort_E0_Blinker
                0x0000000000000000      0x1b8 build/obj/led_blinking.o
 .text.Port_E0_Blinker
                0x0000000000000000       0xa0 build/obj/led_blinking.o
 .bss.waPort_E1_Blinker
                0x0000000000000000      0x1b8 build/obj/led_blinking.o
 .text.Port_E1_Blinker
                0x0000000000000000      0x120 build/obj/led_blinking.o
 .bss.waPort_C1_Blinker
                0x0000000000000000      0x1b8 build/obj/led_blinking.o
 .text.Port_C1_Blinker
                0x0000000000000000       0xb0 build/obj/led_blinking.o
 .text.start_led_blinker
                0x0000000000000000       0xf0 build/obj/led_blinking.o
 .debug_info    0x0000000000000000      0x755 build/obj/led_blinking.o
 .debug_abbrev  0x0000000000000000      0x190 build/obj/led_blinking.o
 .debug_aranges
                0x0000000000000000       0x40 build/obj/led_blinking.o
 .debug_ranges  0x0000000000000000       0x30 build/obj/led_blinking.o
 .debug_line    0x0000000000000000      0x260 build/obj/led_blinking.o
 .debug_str     0x0000000000000000      0x4ec build/obj/led_blinking.o
 .comment       0x0000000000000000       0x2c build/obj/led_blinking.o
 .ARM.attributes
                0x0000000000000000       0x37 build/obj/led_blinking.o
 .debug_frame   0x0000000000000000       0x9c build/obj/led_blinking.o
 .text          0x0000000000000000        0x0 build/obj/usbcfg.o
 .data          0x0000000000000000        0x0 build/obj/usbcfg.o
[...]
Memory Configuration

Name             Origin             Length             Attributes
flash            0x0000000008000000 0x0000000000100000
ram              0x0000000020000000 0x000000000001c000
ethram           0x000000002001c000 0x0000000000004000
ccmram           0x0000000010000000 0x0000000000010000
*default*        0x0000000000000000 0xffffffffffffffff

Linker script and memory map

LOAD build/obj/main.o
LOAD build/obj/myMisc.o
LOAD build/obj/led_blinking.o
LOAD build/obj/usbcfg.o
LOAD build/obj/board.o
LOAD build/obj/crt0.o
LOAD build/obj/vectors.o
LOAD build/obj/chcore.o
LOAD build/obj/chcore_v7m.o
LOAD build/obj/nvic.o
LOAD build/obj/chsys.o
LOAD build/obj/chdebug.o
LOAD build/obj/chlists.o
LOAD build/obj/chvt.o
LOAD build/obj/chschd.o
LOAD build/obj/chthreads.o
LOAD build/obj/chdynamic.o
LOAD build/obj/chregistry.o
LOAD build/obj/chsem.o
LOAD build/obj/chmtx.o
LOAD build/obj/chcond.o
LOAD build/obj/chevents.o
LOAD build/obj/chmsg.o
LOAD build/obj/chmboxes.o
LOAD build/obj/chqueues.o
LOAD build/obj/chmemcore.o
LOAD build/obj/chheap.o
LOAD build/obj/chmempools.o
LOAD build/obj/hal.o
LOAD build/obj/adc.o
LOAD build/obj/can.o
LOAD build/obj/ext.o
LOAD build/obj/gpt.o
LOAD build/obj/i2c.o
LOAD build/obj/icu.o
LOAD build/obj/mac.o
LOAD build/obj/mmc_spi.o
LOAD build/obj/mmcsd.o
LOAD build/obj/pal.o
LOAD build/obj/pwm.o
LOAD build/obj/rtc.o
LOAD build/obj/sdc.o
LOAD build/obj/serial.o
LOAD build/obj/serial_usb.o
LOAD build/obj/spi.o
LOAD build/obj/tm.o
LOAD build/obj/uart.o
LOAD build/obj/usb.o
LOAD build/obj/stm32_dma.o
LOAD build/obj/hal_lld.o
LOAD build/obj/adc_lld.o
LOAD build/obj/ext_lld_isr.o
LOAD build/obj/can_lld.o
LOAD build/obj/ext_lld.o
LOAD build/obj/gpt_lld.o
LOAD build/obj/icu_lld.o
LOAD build/obj/mac_lld.o
LOAD build/obj/pwm_lld.o
LOAD build/obj/sdc_lld.o
LOAD build/obj/serial_lld.o
LOAD build/obj/spi_lld.o
LOAD build/obj/pal_lld.o
LOAD build/obj/i2c_lld.o
LOAD build/obj/usb_lld.o
LOAD build/obj/rtc_lld.o
LOAD build/obj/uart_lld.o
LOAD build/obj/shell.o
LOAD build/obj/chprintf.o
LOAD /usr/lib/gcc/arm-none-eabi/4.8/../../../arm-none-eabi/lib/armv7e-m/libm.a
START GROUP
LOAD /usr/lib/gcc/arm-none-eabi/4.8/armv7e-m/libgcc.a
LOAD /usr/lib/gcc/arm-none-eabi/4.8/../../../arm-none-eabi/lib/armv7e-m/libc.a
END GROUP
                0x0000000000000400                __main_stack_size__ = 0x400
                0x0000000000000400                __process_stack_size__ = 0x400
                0x0000000020000000                __ram_start__ = ORIGIN (ram)
                0x000000000001c000                __ram_size__ = 0x1c000
                0x000000002001c000                __ram_end__ = (__ram_start__ + __ram_size__)
                0x0000000000000000                . = 0x0
                0x0000000000000000                _text = .

startup         0x0000000008000000      0x188
 *(vectors)
 vectors        0x0000000008000000      0x188 build/obj/vectors.o
                0x0000000008000000                _vectors

constructors    0x0000000008000188        0x0
                0x0000000008000188                PROVIDE (__init_array_start, .)
 *(SORT(.init_array.*))
 *(.init_array)
                0x0000000008000188                PROVIDE (__init_array_end, .)

destructors     0x0000000008000188        0x0
                0x0000000008000188                PROVIDE (__fini_array_start, .)
 *(.fini_array)
 *(SORT(.fini_array.*))
                0x0000000008000188                PROVIDE (__fini_array_end, .)

.text           0x0000000008000190     0x585c
 *(.text.startup.*)
 *(.text)
 .text          0x0000000008000190      0x134 /usr/lib/gcc/arm-none-eabi/4.8/../../../arm-none-eabi/lib/armv7e-m/libc.a(lib_a-memcpy.o)
                0x0000000008000190                memcpy
 *(.text.*)
 *fill*         0x00000000080002c4        0xc 
 .text.main     0x00000000080002d0       0xc0 build/obj/main.o
                0x00000000080002d0                main
 .text.bsset    0x0000000008000390       0x40 build/obj/myMisc.o
                0x0000000008000390                bsset
 .text.changeWay
                0x00000000080003d0       0x30 build/obj/myMisc.o
                0x00000000080003d0                changeWay
 .text.Thread1  0x0000000008000400      0x2f0 build/obj/myMisc.o
 .text.startBlinker
                0x00000000080006f0       0x30 build/obj/myMisc.o
                0x00000000080006f0                startBlinker
 .text.get_descriptor
                0x0000000008000720       0x50 build/obj/usbcfg.o
 .text.usb_event
                0x0000000008000770       0x80 build/obj/usbcfg.o
 .text.__early_init
                0x00000000080007f0       0x10 build/obj/board.o
                0x00000000080007f0                __early_init
 .text.boardInit
                0x0000000008000800       0x10 build/obj/board.o
                0x0000000008000800                boardInit
 .text.__late_init
                0x0000000008000810       0x10 build/obj/crt0.o
                0x0000000008000810                __late_init
 .text._default_exit
                0x0000000008000820       0x10 build/obj/crt0.o
                0x0000000008000820                _default_exit
 .text.ResetHandler
                0x0000000008000830      0x100 build/obj/crt0.o
                0x0000000008000830                ResetHandler
 .text._unhandled_exception
                0x0000000008000930       0x10 build/obj/vectors.o
                0x0000000008000930                Vector58
                0x0000000008000930                VectorE8
                0x0000000008000930                Vector9C
                0x0000000008000930                VectorAC
                0x0000000008000930                Vector5C
                0x0000000008000930                NMIVector
                0x0000000008000930                Vector11C
                0x0000000008000930                Vector8C
                0x0000000008000930                VectorDC
                0x0000000008000930                Vector168
                0x0000000008000930                Vector110
                0x0000000008000930                Vector120
                0x0000000008000930                VectorC8
                0x0000000008000930                Vector94
                0x0000000008000930                VectorA8
                0x0000000008000930                VectorB4
                0x0000000008000930                Vector74
                0x0000000008000930                Vector160
                0x0000000008000930                VectorEC
                0x0000000008000930                UsageFaultVector
                0x0000000008000930                DebugMonitorVector
                0x0000000008000930                Vector40
                0x0000000008000930                VectorF8
                0x0000000008000930                Vector108
                0x0000000008000930                VectorBC
                0x0000000008000930                Vector150
                0x0000000008000930                Vector124
                0x0000000008000930                Vector148
                0x0000000008000930                PendSVVector
                0x0000000008000930                Vector118
                0x0000000008000930                Vector64
                0x0000000008000930                VectorCC
                0x0000000008000930                Vector54
                0x0000000008000930                Vector98
                0x0000000008000930                VectorD8
                0x0000000008000930                Vector138
                0x0000000008000930                Vector24
                0x0000000008000930                Vector178
                0x0000000008000930                Vector84
                0x0000000008000930                BusFaultVector
                0x0000000008000930                VectorD0
                0x0000000008000930                Vector140
                0x0000000008000930                VectorE4
                0x0000000008000930                VectorC0
                0x0000000008000930                Vector158
                0x0000000008000930                Vector130
                0x0000000008000930                HardFaultVector
                0x0000000008000930                Vector134
                0x0000000008000930                VectorF0
                0x0000000008000930                Vector12C
                0x0000000008000930                Vector13C
                0x0000000008000930                Vector100
                0x0000000008000930                VectorE0
                0x0000000008000930                VectorF4
                0x0000000008000930                MemManageVector
                0x0000000008000930                Vector6C
                0x0000000008000930                VectorA0
                0x0000000008000930                VectorC4
                0x0000000008000930                Vector7C
                0x0000000008000930                Vector180
                0x0000000008000930                Vector90
                0x0000000008000930                Vector114
                0x0000000008000930                Vector164
                0x0000000008000930                Vector60
                0x0000000008000930                Vector1C
                0x0000000008000930                Vector17C
                0x0000000008000930                Vector48
                0x0000000008000930                Vector16C
                0x0000000008000930                Vector70
                0x0000000008000930                VectorD4
                0x0000000008000930                Vector4C
                0x0000000008000930                Vector144
                0x0000000008000930                Vector80
                0x0000000008000930                Vector15C
                0x0000000008000930                Vector68
                0x0000000008000930                Vector78
                0x0000000008000930                _unhandled_exception
                0x0000000008000930                Vector170
                0x0000000008000930                Vector88
                0x0000000008000930                Vector104
                0x0000000008000930                Vector184
                0x0000000008000930                Vector10C
                0x0000000008000930                Vector50
                0x0000000008000930                Vector154
                0x0000000008000930                Vector44
                0x0000000008000930                Vector28
                0x0000000008000930                VectorB8
                0x0000000008000930                VectorFC
                0x0000000008000930                Vector34
                0x0000000008000930                Vector128
                0x0000000008000930                Vector20
                0x0000000008000930                Vector174
 .text.port_halt
                0x0000000008000940       0x10 build/obj/chcore.o
                0x0000000008000940                port_halt
 .text.SysTickVector
                0x0000000008000950       0x30 build/obj/chcore_v7m.o
                0x0000000008000950                SysTickVector
 .text.SVCallVector
                0x0000000008000980       0x40 build/obj/chcore_v7m.o
                0x0000000008000980                SVCallVector
 .text._port_init
                0x00000000080009c0       0x40 build/obj/chcore_v7m.o
                0x00000000080009c0                _port_init
 .text._port_irq_epilogue
                0x0000000008000a00       0xc0 build/obj/chcore_v7m.o
                0x0000000008000a00                _port_irq_epilogue
 .text._port_switch_from_isr
                0x0000000008000ac0       0x10 build/obj/chcore_v7m.o
                0x0000000008000ac0                _port_switch_from_isr
 .text._port_switch
                0x0000000008000ad0       0x20 build/obj/chcore_v7m.o
                0x0000000008000ad0                _port_switch
 .text._port_thread_start
                0x0000000008000af0       0x20 build/obj/chcore_v7m.o
                0x0000000008000af0                _port_thread_start
 .text.nvicEnableVector
                0x0000000008000b10       0x80 build/obj/nvic.o
                0x0000000008000b10                nvicEnableVector
 .text.nvicSetSystemHandlerPriority
                0x0000000008000b90       0x50 build/obj/nvic.o
                0x0000000008000b90                nvicSetSystemHandlerPriority
 .text._idle_thread
                0x0000000008000be0       0x20 build/obj/chsys.o
                0x0000000008000be0                _idle_thread
 .text.chSysInit
                0x0000000008000c00       0x80 build/obj/chsys.o
                0x0000000008000c00                chSysInit
 .text.chSysTimerHandlerI
                0x0000000008000c80       0xb0 build/obj/chsys.o
                0x0000000008000c80                chSysTimerHandlerI
 .text.dbg_check_enable
                0x0000000008000d30       0x30 build/obj/chdebug.o
                0x0000000008000d30                dbg_check_enable
 .text.dbg_check_lock
                0x0000000008000d60       0x30 build/obj/chdebug.o
                0x0000000008000d60                dbg_check_lock
 .text.dbg_check_unlock
                0x0000000008000d90       0x30 build/obj/chdebug.o
                0x0000000008000d90                dbg_check_unlock
 .text.dbg_check_lock_from_isr
                0x0000000008000dc0       0x30 build/obj/chdebug.o
                0x0000000008000dc0                dbg_check_lock_from_isr
 .text.dbg_check_unlock_from_isr
                0x0000000008000df0       0x30 build/obj/chdebug.o
                0x0000000008000df0                dbg_check_unlock_from_isr
 .text.dbg_check_enter_isr
                0x0000000008000e20       0x40 build/obj/chdebug.o
                0x0000000008000e20                dbg_check_enter_isr
 .text.dbg_check_leave_isr
                0x0000000008000e60       0x40 build/obj/chdebug.o
                0x0000000008000e60                dbg_check_leave_isr
 .text.chDbgCheckClassI
                0x0000000008000ea0       0x30 build/obj/chdebug.o
                0x0000000008000ea0                chDbgCheckClassI
 .text.chDbgCheckClassS
                0x0000000008000ed0       0x30 build/obj/chdebug.o
                0x0000000008000ed0                chDbgCheckClassS
 .text._trace_init
                0x0000000008000f00       0x20 build/obj/chdebug.o
                0x0000000008000f00                _trace_init
 .text.dbg_trace
                0x0000000008000f20       0x70 build/obj/chdebug.o
                0x0000000008000f20                dbg_trace
 .text.chDbgPanic
                0x0000000008000f90       0x20 build/obj/chdebug.o
                0x0000000008000f90                chDbgPanic
 .text._vt_init
                0x0000000008000fb0       0x30 build/obj/chvt.o
                0x0000000008000fb0                _vt_init
 .text.chVTSetI
                0x0000000008000fe0       0xa0 build/obj/chvt.o
                0x0000000008000fe0                chVTSetI
 .text.chVTResetI
                0x0000000008001080       0x70 build/obj/chvt.o
                0x0000000008001080                chVTResetI
 .text.fifo_remove
                0x00000000080010f0       0x30 build/obj/chschd.o
 .text.dequeue  0x0000000008001120       0x20 build/obj/chschd.o
 .text._scheduler_init
                0x0000000008001140       0x30 build/obj/chschd.o
                0x0000000008001140                _scheduler_init
 .text.chSchReadyI
                0x0000000008001170       0x80 build/obj/chschd.o
                0x0000000008001170                chSchReadyI
 .text.chSchGoSleepS
                0x00000000080011f0       0x70 build/obj/chschd.o
                0x00000000080011f0                chSchGoSleepS
 .text.wakeup   0x0000000008001260       0xa0 build/obj/chschd.o
 .text.chSchGoSleepTimeoutS
                0x0000000008001300       0x70 build/obj/chschd.o
                0x0000000008001300                chSchGoSleepTimeoutS
 .text.chSchWakeupS
                0x0000000008001370       0x80 build/obj/chschd.o
                0x0000000008001370                chSchWakeupS
 .text.chSchRescheduleS
                0x00000000080013f0       0x20 build/obj/chschd.o
                0x00000000080013f0                chSchRescheduleS
 .text.chSchDoRescheduleBehind
                0x0000000008001410       0x70 build/obj/chschd.o
                0x0000000008001410                chSchDoRescheduleBehind
 .text.chSchDoRescheduleAhead
                0x0000000008001480       0x90 build/obj/chschd.o
                0x0000000008001480                chSchDoRescheduleAhead
 .text.chSchDoReschedule
                0x0000000008001510       0x20 build/obj/chschd.o
                0x0000000008001510                chSchDoReschedule
 .text.list_remove
                0x0000000008001530       0x20 build/obj/chthreads.o
 .text._thread_init
                0x0000000008001550       0xa0 build/obj/chthreads.o
                0x0000000008001550                _thread_init
 .text._thread_memfill
                0x00000000080015f0       0x30 build/obj/chthreads.o
                0x00000000080015f0                _thread_memfill
 .text.chThdCreateI
                0x0000000008001620       0x80 build/obj/chthreads.o
                0x0000000008001620                chThdCreateI
 .text.chThdCreateStatic
                0x00000000080016a0       0x70 build/obj/chthreads.o
                0x00000000080016a0                chThdCreateStatic
 .text.chThdSleep
                0x0000000008001710       0x40 build/obj/chthreads.o
                0x0000000008001710                chThdSleep
 .text.chThdExit
                0x0000000008001750       0x20 build/obj/chthreads.o
                0x0000000008001750                chThdExit
 .text.chThdExitS
                0x0000000008001770       0x70 build/obj/chthreads.o
                0x0000000008001770                chThdExitS
 .text.chMtxInit
                0x00000000080017e0       0x30 build/obj/chmtx.o
                0x00000000080017e0                chMtxInit
 .text.chEvtBroadcastFlagsI
                0x0000000008001810       0x60 build/obj/chevents.o
                0x0000000008001810                chEvtBroadcastFlagsI
 .text.chEvtSignalI
                0x0000000008001870       0x70 build/obj/chevents.o
                0x0000000008001870                chEvtSignalI
 .text.queue_insert
                0x00000000080018e0       0x30 build/obj/chqueues.o
 .text.fifo_remove
                0x0000000008001910       0x30 build/obj/chqueues.o
 .text.qwait    0x0000000008001940       0x40 build/obj/chqueues.o
 .text.chIQInit
                0x0000000008001980       0x50 build/obj/chqueues.o
                0x0000000008001980                chIQInit
 .text.chIQResetI
                0x00000000080019d0       0x50 build/obj/chqueues.o
                0x00000000080019d0                chIQResetI
 .text.chIQGetTimeout
                0x0000000008001a20       0x90 build/obj/chqueues.o
                0x0000000008001a20                chIQGetTimeout
 .text.chIQReadTimeout
                0x0000000008001ab0       0xd0 build/obj/chqueues.o
                0x0000000008001ab0                chIQReadTimeout
 .text.chOQInit
                0x0000000008001b80       0x50 build/obj/chqueues.o
                0x0000000008001b80                chOQInit
 .text.chOQResetI
                0x0000000008001bd0       0x60 build/obj/chqueues.o
                0x0000000008001bd0                chOQResetI
 .text.chOQPutTimeout
                0x0000000008001c30       0xa0 build/obj/chqueues.o
                0x0000000008001c30                chOQPutTimeout
 .text.chOQWriteTimeout
                0x0000000008001cd0       0xd0 build/obj/chqueues.o
                0x0000000008001cd0                chOQWriteTimeout
 .text._core_init
                0x0000000008001da0       0x30 build/obj/chmemcore.o
                0x0000000008001da0                _core_init
 .text.chCoreAlloc
                0x0000000008001dd0       0x30 build/obj/chmemcore.o
                0x0000000008001dd0                chCoreAlloc
 .text.chCoreAllocI
                0x0000000008001e00       0x50 build/obj/chmemcore.o
                0x0000000008001e00                chCoreAllocI
 .text._heap_init
                0x0000000008001e50       0x30 build/obj/chheap.o
                0x0000000008001e50                _heap_init
 .text.halInit  0x0000000008001e80       0x30 build/obj/hal.o
                0x0000000008001e80                halInit
 .text.halIsCounterWithin
                0x0000000008001eb0       0x50 build/obj/hal.o
                0x0000000008001eb0                halIsCounterWithin
 .text.halPolledDelay
                0x0000000008001f00       0x30 build/obj/hal.o
                0x0000000008001f00                halPolledDelay
 .text.gptInit  0x0000000008001f30       0x10 build/obj/gpt.o
                0x0000000008001f30                gptInit
 .text.gptObjectInit
                0x0000000008001f40       0x20 build/obj/gpt.o
                0x0000000008001f40                gptObjectInit
 .text.write    0x0000000008001f60       0x30 build/obj/serial_usb.o
 .text.read     0x0000000008001f90       0x30 build/obj/serial_usb.o
 .text.put      0x0000000008001fc0       0x30 build/obj/serial_usb.o
 .text.get      0x0000000008001ff0       0x20 build/obj/serial_usb.o
 .text.putt     0x0000000008002010       0x30 build/obj/serial_usb.o
 .text.gett     0x0000000008002040       0x20 build/obj/serial_usb.o
 .text.writet   0x0000000008002060       0x30 build/obj/serial_usb.o
 .text.readt    0x0000000008002090       0x30 build/obj/serial_usb.o
 .text.inotify  0x00000000080020c0       0xb0 build/obj/serial_usb.o
 .text.onotify  0x0000000008002170       0x90 build/obj/serial_usb.o
 .text.sduInit  0x0000000008002200       0x10 build/obj/serial_usb.o
                0x0000000008002200                sduInit
 .text.sduObjectInit
                0x0000000008002210       0x70 build/obj/serial_usb.o
                0x0000000008002210                sduObjectInit
 .text.sduStart
                0x0000000008002280       0x70 build/obj/serial_usb.o
                0x0000000008002280                sduStart
 .text.sduConfigureHookI
                0x00000000080022f0       0x50 build/obj/serial_usb.o
                0x00000000080022f0                sduConfigureHookI
 .text.sduRequestsHook
                0x0000000008002340       0x80 build/obj/serial_usb.o
                0x0000000008002340                sduRequestsHook
 .text.sduDataTransmitted
                0x00000000080023c0       0xf0 build/obj/serial_usb.o
                0x00000000080023c0                sduDataTransmitted
 .text.sduDataReceived
                0x00000000080024b0       0xb0 build/obj/serial_usb.o
                0x00000000080024b0                sduDataReceived
 .text.sduInterruptTransmitted
                0x0000000008002560       0x10 build/obj/serial_usb.o
                0x0000000008002560                sduInterruptTransmitted
 .text.tm_start
                0x0000000008002570       0x20 build/obj/tm.o
 .text.tm_stop  0x0000000008002590       0x60 build/obj/tm.o
 .text.tmInit   0x00000000080025f0       0x40 build/obj/tm.o
                0x00000000080025f0                tmInit
 .text.tmObjectInit
                0x0000000008002630       0x30 build/obj/tm.o
                0x0000000008002630                tmObjectInit
 .text.set_address
                0x0000000008002660       0x40 build/obj/usb.o
 .text.default_handler
                0x00000000080026a0      0x3a0 build/obj/usb.o
 .text.usbInit  0x0000000008002a40       0x10 build/obj/usb.o
                0x0000000008002a40                usbInit
 .text.usbObjectInit
                0x0000000008002a50       0x30 build/obj/usb.o
                0x0000000008002a50                usbObjectInit
 .text.usbStart
                0x0000000008002a80       0x90 build/obj/usb.o
                0x0000000008002a80                usbStart
 .text.usbInitEndpointI
                0x0000000008002b10       0xa0 build/obj/usb.o
                0x0000000008002b10                usbInitEndpointI
 .text.usbPrepareReceive
                0x0000000008002bb0       0x50 build/obj/usb.o
                0x0000000008002bb0                usbPrepareReceive
 .text.usbPrepareTransmit
                0x0000000008002c00       0x50 build/obj/usb.o
                0x0000000008002c00                usbPrepareTransmit
 .text.usbPrepareQueuedReceive
                0x0000000008002c50       0x50 build/obj/usb.o
                0x0000000008002c50                usbPrepareQueuedReceive
 .text.usbPrepareQueuedTransmit
                0x0000000008002ca0       0x50 build/obj/usb.o
                0x0000000008002ca0                usbPrepareQueuedTransmit
 .text.usbStartReceiveI
                0x0000000008002cf0       0x70 build/obj/usb.o
                0x0000000008002cf0                usbStartReceiveI
 .text.usbStartTransmitI
                0x0000000008002d60       0x70 build/obj/usb.o
                0x0000000008002d60                usbStartTransmitI
 .text._usb_reset
                0x0000000008002dd0       0x60 build/obj/usb.o
                0x0000000008002dd0                _usb_reset
 .text._usb_ep0setup
                0x0000000008002e30      0x1a0 build/obj/usb.o
                0x0000000008002e30                _usb_ep0setup
 .text._usb_ep0in
                0x0000000008002fd0      0x100 build/obj/usb.o
                0x0000000008002fd0                _usb_ep0in
 .text._usb_ep0out
                0x00000000080030d0       0xb0 build/obj/usb.o
                0x00000000080030d0                _usb_ep0out
 .text.hal_lld_backup_domain_init
                0x0000000008003180       0x60 build/obj/hal_lld.o
 .text.hal_lld_init
                0x00000000080031e0       0xb0 build/obj/hal_lld.o
                0x00000000080031e0                hal_lld_init
 .text.stm32_clock_init
                0x0000000008003290       0xf0 build/obj/hal_lld.o
                0x0000000008003290                stm32_clock_init
 .text.gpt_lld_serve_interrupt
                0x0000000008003380       0x40 build/obj/gpt_lld.o
 .text.VectorA4
                0x00000000080033c0       0x20 build/obj/gpt_lld.o
                0x00000000080033c0                VectorA4
 .text.VectorB0
                0x00000000080033e0       0x20 build/obj/gpt_lld.o
                0x00000000080033e0                VectorB0
 .text.gpt_lld_init
                0x0000000008003400       0x30 build/obj/gpt_lld.o
                0x0000000008003400                gpt_lld_init
 .text.gpt_lld_stop_timer
                0x0000000008003430       0x20 build/obj/gpt_lld.o
                0x0000000008003430                gpt_lld_stop_timer
 .text.initgpio
                0x0000000008003450       0x50 build/obj/pal_lld.o
 .text._pal_lld_init
                0x00000000080034a0       0xc0 build/obj/pal_lld.o
                0x00000000080034a0                _pal_lld_init
 .text.fifo_remove
                0x0000000008003560       0x30 build/obj/usb_lld.o
 .text.usb_lld_wakeup_pump
                0x0000000008003590       0x30 build/obj/usb_lld.o
 .text.otg_core_reset
                0x00000000080035c0       0x40 build/obj/usb_lld.o
 .text.otg_disable_ep
                0x0000000008003600      0x110 build/obj/usb_lld.o
 .text.otg_rxfifo_flush
                0x0000000008003710       0x30 build/obj/usb_lld.o
 .text.otg_txfifo_flush
                0x0000000008003740       0x40 build/obj/usb_lld.o
 .text.otg_ram_reset
                0x0000000008003780       0x20 build/obj/usb_lld.o
 .text.otg_ram_alloc
                0x00000000080037a0       0x40 build/obj/usb_lld.o
 .text.otg_do_push
                0x00000000080037e0       0x30 build/obj/usb_lld.o
 .text.otg_fifo_write_from_buffer
                0x0000000008003810       0x20 build/obj/usb_lld.o
 .text.otg_fifo_write_from_queue
                0x0000000008003830      0x130 build/obj/usb_lld.o
 .text.otg_do_pop
                0x0000000008003960       0x30 build/obj/usb_lld.o
 .text.otg_fifo_read_to_buffer
                0x0000000008003990       0x50 build/obj/usb_lld.o
 .text.otg_fifo_read_to_queue
                0x00000000080039e0      0x110 build/obj/usb_lld.o
 .text.otg_rxfifo_handler
                0x0000000008003af0      0x130 build/obj/usb_lld.o
 .text.otg_txfifo_handler
                0x0000000008003c20      0x160 build/obj/usb_lld.o
 .text.otg_epin_handler
                0x0000000008003d80      0x100 build/obj/usb_lld.o
 .text.otg_epout_handler
                0x0000000008003e80       0xc0 build/obj/usb_lld.o
 .text.usb_lld_serve_interrupt
                0x0000000008003f40      0x160 build/obj/usb_lld.o
 .text.usb_lld_pump
                0x00000000080040a0      0x140 build/obj/usb_lld.o
 .text.Vector14C
                0x00000000080041e0       0x20 build/obj/usb_lld.o
                0x00000000080041e0                Vector14C
 .text.usb_lld_init
                0x0000000008004200       0x60 build/obj/usb_lld.o
                0x0000000008004200                usb_lld_init
 .text.usb_lld_start
                0x0000000008004260      0x110 build/obj/usb_lld.o
                0x0000000008004260                usb_lld_start
 .text.usb_lld_reset
                0x0000000008004370      0x130 build/obj/usb_lld.o
                0x0000000008004370                usb_lld_reset
 .text.usb_lld_set_address
                0x00000000080044a0       0x30 build/obj/usb_lld.o
                0x00000000080044a0                usb_lld_set_address
 .text.usb_lld_init_endpoint
                0x00000000080044d0      0x240 build/obj/usb_lld.o
                0x00000000080044d0                usb_lld_init_endpoint
 .text.usb_lld_get_status_out
                0x0000000008004710       0x40 build/obj/usb_lld.o
                0x0000000008004710                usb_lld_get_status_out
 .text.usb_lld_get_status_in
                0x0000000008004750       0x40 build/obj/usb_lld.o
                0x0000000008004750                usb_lld_get_status_in
 .text.usb_lld_read_setup
                0x0000000008004790       0x30 build/obj/usb_lld.o
                0x0000000008004790                usb_lld_read_setup
 .text.usb_lld_prepare_receive
                0x00000000080047c0       0x80 build/obj/usb_lld.o
                0x00000000080047c0                usb_lld_prepare_receive
 .text.usb_lld_prepare_transmit
                0x0000000008004840       0xa0 build/obj/usb_lld.o
                0x0000000008004840                usb_lld_prepare_transmit
 .text.usb_lld_start_out
                0x00000000080048e0       0x40 build/obj/usb_lld.o
                0x00000000080048e0                usb_lld_start_out
 .text.usb_lld_start_in
                0x0000000008004920       0x50 build/obj/usb_lld.o
                0x0000000008004920                usb_lld_start_in
 .text.usb_lld_stall_out
                0x0000000008004970       0x40 build/obj/usb_lld.o
                0x0000000008004970                usb_lld_stall_out
 .text.usb_lld_stall_in
                0x00000000080049b0       0x40 build/obj/usb_lld.o
                0x00000000080049b0                usb_lld_stall_in
 .text.usb_lld_clear_out
                0x00000000080049f0       0x40 build/obj/usb_lld.o
                0x00000000080049f0                usb_lld_clear_out
 .text.usb_lld_clear_in
                0x0000000008004a30       0x40 build/obj/usb_lld.o
                0x0000000008004a30                usb_lld_clear_in
 .text.long_to_string_with_divisor
                0x0000000008004a70       0xa0 build/obj/chprintf.o
 .text.ltoa     0x0000000008004b10       0x20 build/obj/chprintf.o
 .text.chprintf
                0x0000000008004b30      0x420 build/obj/chprintf.o
                0x0000000008004b30                chprintf
 .text.memset   0x0000000008004f50       0x94 /usr/lib/gcc/arm-none-eabi/4.8/../../../arm-none-eabi/lib/armv7e-m/libc.a(lib_a-memset.o)
                0x0000000008004f50                memset
 *(.rodata)
 *fill*         0x0000000008004fe4        0xc 
 .rodata        0x0000000008004ff0       0x3c build/obj/main.o
 *fill*         0x000000000800502c        0x4 
 .rodata        0x0000000008005030      0x1ac build/obj/myMisc.o
 *fill*         0x00000000080051dc        0x4 
 .rodata        0x00000000080051e0        0x8 build/obj/chsys.o
 *fill*         0x00000000080051e8        0x8 
 .rodata        0x00000000080051f0       0x58 build/obj/chdebug.o
 *fill*         0x0000000008005248        0x8 
 .rodata        0x0000000008005250       0x34 build/obj/chvt.o
 *fill*         0x0000000008005284        0xc 
 .rodata        0x0000000008005290       0x24 build/obj/chschd.o
 *fill*         0x00000000080052b4        0xc 
 .rodata        0x00000000080052c0       0x94 build/obj/chthreads.o
 *fill*         0x0000000008005354        0xc 
 .rodata        0x0000000008005360       0xac build/obj/chmtx.o
 *fill*         0x000000000800540c        0x4 
 .rodata        0x0000000008005410       0x90 build/obj/chevents.o
 .rodata        0x00000000080054a0       0x2c build/obj/chqueues.o
 *fill*         0x00000000080054cc        0x4 
 .rodata        0x00000000080054d0       0x3c build/obj/serial_usb.o
 *fill*         0x000000000800550c        0x4 
 .rodata        0x0000000008005510      0x124 build/obj/usb.o
 *fill*         0x0000000008005634        0xc 
 .rodata        0x0000000008005640       0x28 build/obj/usb_lld.o
 *fill*         0x0000000008005668        0x8 
 .rodata        0x0000000008005670        0x8 build/obj/chprintf.o
 *(.rodata.*)
 *fill*         0x0000000008005678        0x8 
 .rodata.vcom_device_descriptor_data
                0x0000000008005680       0x14 build/obj/usbcfg.o
 *fill*         0x0000000008005694        0xc 
 .rodata.vcom_device_descriptor
                0x00000000080056a0        0x8 build/obj/usbcfg.o
 *fill*         0x00000000080056a8        0x8 
 .rodata.vcom_configuration_descriptor_data
                0x00000000080056b0       0x44 build/obj/usbcfg.o
 *fill*         0x00000000080056f4        0xc 
 .rodata.vcom_configuration_descriptor
                0x0000000008005700        0x8 build/obj/usbcfg.o
 *fill*         0x0000000008005708        0x8 
 .rodata.vcom_string0
                0x0000000008005710        0x4 build/obj/usbcfg.o
 *fill*         0x0000000008005714        0xc 
 .rodata.vcom_string1
                0x0000000008005720       0x28 build/obj/usbcfg.o
 *fill*         0x0000000008005748        0x8 
 .rodata.vcom_string2
                0x0000000008005750       0x38 build/obj/usbcfg.o
 *fill*         0x0000000008005788        0x8 
 .rodata.vcom_string3
                0x0000000008005790        0x8 build/obj/usbcfg.o
 *fill*         0x0000000008005798        0x8 
 .rodata.vcom_strings
                0x00000000080057a0       0x20 build/obj/usbcfg.o
 .rodata.ep1config
                0x00000000080057c0       0x24 build/obj/usbcfg.o
 *fill*         0x00000000080057e4        0xc 
 .rodata.ep2config
                0x00000000080057f0       0x24 build/obj/usbcfg.o
 *fill*         0x0000000008005814        0xc 
 .rodata.usbcfg
                0x0000000008005820       0x10 build/obj/usbcfg.o
                0x0000000008005820                usbcfg
 .rodata.serusbcfg
                0x0000000008005830        0x4 build/obj/usbcfg.o
                0x0000000008005830                serusbcfg
 *fill*         0x0000000008005834        0xc 
 .rodata.pal_default_config
                0x0000000008005840       0xfc build/obj/board.o
                0x0000000008005840                pal_default_config
 *fill*         0x000000000800593c        0x4 
 .rodata.ch_debug
                0x0000000008005940       0x18 build/obj/chregistry.o
                0x0000000008005940                ch_debug
 *fill*         0x0000000008005958        0x8 
 .rodata.vmt    0x0000000008005960       0x20 build/obj/serial_usb.o
 .rodata.zero_status
                0x0000000008005980        0x4 build/obj/usb.o
 *fill*         0x0000000008005984        0xc 
 .rodata.active_status
                0x0000000008005990        0x4 build/obj/usb.o
 *fill*         0x0000000008005994        0xc 
 .rodata.halted_status
                0x00000000080059a0        0x4 build/obj/usb.o
 *fill*         0x00000000080059a4        0xc 
 .rodata.ep0config
                0x00000000080059b0       0x24 build/obj/usb_lld.o
 *fill*         0x00000000080059d4        0xc 
 .rodata.fsparams
                0x00000000080059e0        0xc build/obj/usb_lld.o
 *(.glue_7t)
 .glue_7t       0x00000000080059ec        0x0 linker stubs
 *(.glue_7)
 .glue_7        0x00000000080059ec        0x0 linker stubs
 *(.gcc*)

.vfp11_veneer   0x00000000080059ec        0x0
 .vfp11_veneer  0x00000000080059ec        0x0 linker stubs

.v4_bx          0x00000000080059ec        0x0
 .v4_bx         0x00000000080059ec        0x0 linker stubs

.iplt           0x00000000080059ec        0x0
 .iplt          0x00000000080059ec        0x0 build/obj/main.o

.rel.dyn        0x00000000080059ec        0x0
 .rel.iplt      0x00000000080059ec        0x0 build/obj/main.o

.ARM.extab
 *(.ARM.extab* .gnu.linkonce.armextab.*)

.ARM.exidx      0x00000000080059ec        0x0
                0x00000000080059ec                PROVIDE (__exidx_start, .)
 *(.ARM.exidx* .gnu.linkonce.armexidx.*)
                0x00000000080059ec                PROVIDE (__exidx_end, .)

.eh_frame_hdr
 *(.eh_frame_hdr)

.eh_frame
 *(.eh_frame)

.textalign      0x00000000080059ec        0x4
                0x00000000080059f0                . = ALIGN (0x8)
 *fill*         0x00000000080059ec        0x4 
                0x00000000080059f0                _etext = .
                0x00000000080059f0                _textdata = _etext

.stacks         0x0000000020000000      0x800
                0x0000000020000000                . = ALIGN (0x8)
                0x0000000020000000                __main_stack_base__ = .
                0x0000000020000400                . = (. + __main_stack_size__)
 *fill*         0x0000000020000000      0x400 
                0x0000000020000400                . = ALIGN (0x8)
                0x0000000020000400                __main_stack_end__ = .
                0x0000000020000400                __process_stack_base__ = .
                0x0000000020000400                __main_thread_stack_base__ = .
                0x0000000020000800                . = (. + __process_stack_size__)
 *fill*         0x0000000020000400      0x400 
                0x0000000020000800                . = ALIGN (0x8)
                0x0000000020000800                __process_stack_end__ = .
                0x0000000020000800                __main_thread_stack_end__ = .

.data           0x0000000020000800       0x10 load address 0x00000000080059f0
                0x0000000020000800                . = ALIGN (0x4)
                0x0000000020000800                PROVIDE (_data, .)
 *(.data)
                0x0000000020000800                . = ALIGN (0x4)
 *(.data.*)
 .data.blinkspeed
                0x0000000020000800        0x4 build/obj/myMisc.o
                0x0000000020000800                blinkspeed
 .data.count    0x0000000020000804        0x4 build/obj/myMisc.o
                0x0000000020000804                count
 .data.linecoding
                0x0000000020000808        0x8 build/obj/serial_usb.o
                0x0000000020000810                . = ALIGN (0x4)
 *(.ramtext)
                0x0000000020000810                . = ALIGN (0x4)
                0x0000000020000810                PROVIDE (_edata, .)

.igot.plt       0x0000000020000810        0x0 load address 0x0000000008005a00
 .igot.plt      0x0000000020000810        0x0 build/obj/main.o

.bss            0x0000000020000810      0xc98 load address 0x0000000008005a00
                0x0000000020000810                . = ALIGN (0x4)
                0x0000000020000810                PROVIDE (_bss_start, .)
 *(.bss)
                0x0000000020000810                . = ALIGN (0x4)
 *(.bss.*)
 .bss.SDU1      0x0000000020000810      0x258 build/obj/main.o
 .bss.cnt       0x0000000020000a68        0x4 build/obj/myMisc.o
                0x0000000020000a68                cnt
 *fill*         0x0000000020000a6c        0x4 
 .bss.waThread1
                0x0000000020000a70      0x1b8 build/obj/myMisc.o
 .bss.ep1instate
                0x0000000020000c28       0x10 build/obj/usbcfg.o
 .bss.ep1outstate
                0x0000000020000c38       0x10 build/obj/usbcfg.o
 .bss.ep2instate
                0x0000000020000c48       0x10 build/obj/usbcfg.o
 .bss._idle_thread_wa
                0x0000000020000c58      0x148 build/obj/chsys.o
                0x0000000020000c58                _idle_thread_wa
 .bss.mainthread.4881
                0x0000000020000da0       0x4c build/obj/chsys.o
 .bss.dbg_isr_cnt
                0x0000000020000dec        0x4 build/obj/chdebug.o
                0x0000000020000dec                dbg_isr_cnt
 .bss.dbg_lock_cnt
                0x0000000020000df0        0x4 build/obj/chdebug.o
                0x0000000020000df0                dbg_lock_cnt
 .bss.dbg_trace_buffer
                0x0000000020000df4      0x408 build/obj/chdebug.o
                0x0000000020000df4                dbg_trace_buffer
 .bss.dbg_panic_msg
                0x00000000200011fc        0x4 build/obj/chdebug.o
                0x00000000200011fc                dbg_panic_msg
 .bss.vtlist    0x0000000020001200       0x10 build/obj/chvt.o
                0x0000000020001200                vtlist
 .bss.rlist     0x0000000020001210       0x1c build/obj/chschd.o
                0x0000000020001210                rlist
 .bss.nextmem   0x000000002000122c        0x4 build/obj/chmemcore.o
 .bss.endmem    0x0000000020001230        0x4 build/obj/chmemcore.o
 *fill*         0x0000000020001234        0x4 
 .bss.default_heap
                0x0000000020001238       0x20 build/obj/chheap.o
 .bss.measurement_offset
                0x0000000020001258        0x4 build/obj/tm.o
 .bss.GPTD1     0x000000002000125c       0x10 build/obj/gpt_lld.o
                0x000000002000125c                GPTD1
 .bss.GPTD2     0x000000002000126c       0x10 build/obj/gpt_lld.o
                0x000000002000126c                GPTD2
 *fill*         0x000000002000127c        0x4 
 .bss.USBD1     0x0000000020001280      0x210 build/obj/usb_lld.o
                0x0000000020001280                USBD1
 .bss.ep0_state
                0x0000000020001490       0x10 build/obj/usb_lld.o
 .bss.ep0setup_buffer
                0x00000000200014a0        0x8 build/obj/usb_lld.o
                0x00000000200014a8                . = ALIGN (0x4)
 *(COMMON)
                0x00000000200014a8                . = ALIGN (0x4)
                0x00000000200014a8                PROVIDE (_bss_end, .)
                0x00000000200014a8                PROVIDE (end, .)
                0x00000000200014a8                _end = .
                0x00000000200014a8                __heap_base__ = _end
                0x000000002001c000                __heap_end__ = __ram_end__
OUTPUT(build/ch.elf elf32-littlearm)

.debug_info     0x0000000000000000    0x1145a
 .debug_info    0x0000000000000000     0x15b6 build/obj/main.o
 .debug_info    0x00000000000015b6      0x954 build/obj/myMisc.o
 .debug_info    0x0000000000001f0a     0x12e8 build/obj/usbcfg.o
 .debug_info    0x00000000000031f2      0x1d7 build/obj/board.o
 .debug_info    0x00000000000033c9      0x47b build/obj/crt0.o
 .debug_info    0x0000000000003844       0xaf build/obj/vectors.o
 .debug_info    0x00000000000038f3       0x87 build/obj/chcore.o
 .debug_info    0x000000000000397a      0x9b1 build/obj/chcore_v7m.o
 .debug_info    0x000000000000432b      0x3f3 build/obj/nvic.o
 .debug_info    0x000000000000471e      0x820 build/obj/chsys.o
 .debug_info    0x0000000000004f3e      0x837 build/obj/chdebug.o
 .debug_info    0x0000000000005775      0x25d build/obj/chvt.o
 .debug_info    0x00000000000059d2      0x889 build/obj/chschd.o
 .debug_info    0x000000000000625b      0xae1 build/obj/chthreads.o
 .debug_info    0x0000000000006d3c      0x6fe build/obj/chregistry.o
 .debug_info    0x000000000000743a      0x8a0 build/obj/chmtx.o
 .debug_info    0x0000000000007cda      0xd1b build/obj/chevents.o
 .debug_info    0x00000000000089f5      0xb03 build/obj/chqueues.o
 .debug_info    0x00000000000094f8      0x1d3 build/obj/chmemcore.o
 .debug_info    0x00000000000096cb      0x6ee build/obj/chheap.o
 .debug_info    0x0000000000009db9      0x2e5 build/obj/hal.o
 .debug_info    0x000000000000a09e      0x63e build/obj/gpt.o
 .debug_info    0x000000000000a6dc     0x19b2 build/obj/serial_usb.o
 .debug_info    0x000000000000c08e      0x265 build/obj/tm.o
 .debug_info    0x000000000000c2f3     0x1769 build/obj/usb.o
 .debug_info    0x000000000000da5c      0x458 build/obj/hal_lld.o
 .debug_info    0x000000000000deb4      0x8d7 build/obj/gpt_lld.o
 .debug_info    0x000000000000e78b      0x594 build/obj/pal_lld.o
 .debug_info    0x000000000000ed1f     0x21ae build/obj/usb_lld.o
 .debug_info    0x0000000000010ecd      0x39f build/obj/chprintf.o
 .debug_info    0x000000000001126c       0xd7 /usr/lib/gcc/arm-none-eabi/4.8/../../../arm-none-eabi/lib/armv7e-m/libc.a(lib_a-memcpy.o)
 .debug_info    0x0000000000011343      0x117 /usr/lib/gcc/arm-none-eabi/4.8/../../../arm-none-eabi/lib/armv7e-m/libc.a(lib_a-memset.o)

.debug_abbrev   0x0000000000000000     0x30e7
 .debug_abbrev  0x0000000000000000      0x222 build/obj/main.o
 .debug_abbrev  0x0000000000000222      0x1f4 build/obj/myMisc.o
 .debug_abbrev  0x0000000000000416      0x234 build/obj/usbcfg.o
 .debug_abbrev  0x000000000000064a       0xc2 build/obj/board.o
 .debug_abbrev  0x000000000000070c       0xfe build/obj/crt0.o
 .debug_abbrev  0x000000000000080a       0x73 build/obj/vectors.o
 .debug_abbrev  0x000000000000087d       0x40 build/obj/chcore.o
 .debug_abbrev  0x00000000000008bd      0x184 build/obj/chcore_v7m.o
 .debug_abbrev  0x0000000000000a41      0x10c build/obj/nvic.o
 .debug_abbrev  0x0000000000000b4d      0x189 build/obj/chsys.o
 .debug_abbrev  0x0000000000000cd6      0x1e6 build/obj/chdebug.o
 .debug_abbrev  0x0000000000000ebc      0x122 build/obj/chvt.o
 .debug_abbrev  0x0000000000000fde      0x200 build/obj/chschd.o
 .debug_abbrev  0x00000000000011de      0x228 build/obj/chthreads.o
 .debug_abbrev  0x0000000000001406      0x147 build/obj/chregistry.o
 .debug_abbrev  0x000000000000154d      0x1c4 build/obj/chmtx.o
 .debug_abbrev  0x0000000000001711      0x1fa build/obj/chevents.o
 .debug_abbrev  0x000000000000190b      0x240 build/obj/chqueues.o
 .debug_abbrev  0x0000000000001b4b       0xf5 build/obj/chmemcore.o
 .debug_abbrev  0x0000000000001c40      0x17d build/obj/chheap.o
 .debug_abbrev  0x0000000000001dbd      0x125 build/obj/hal.o
 .debug_abbrev  0x0000000000001ee2      0x16b build/obj/gpt.o
 .debug_abbrev  0x000000000000204d      0x308 build/obj/serial_usb.o
 .debug_abbrev  0x0000000000002355      0x126 build/obj/tm.o
 .debug_abbrev  0x000000000000247b      0x2a7 build/obj/usb.o
 .debug_abbrev  0x0000000000002722      0x100 build/obj/hal_lld.o
 .debug_abbrev  0x0000000000002822      0x1b8 build/obj/gpt_lld.o
 .debug_abbrev  0x00000000000029da      0x16e build/obj/pal_lld.o
 .debug_abbrev  0x0000000000002b48      0x399 build/obj/usb_lld.o
 .debug_abbrev  0x0000000000002ee1      0x153 build/obj/chprintf.o
 .debug_abbrev  0x0000000000003034       0x14 /usr/lib/gcc/arm-none-eabi/4.8/../../../arm-none-eabi/lib/armv7e-m/libc.a(lib_a-memcpy.o)
 .debug_abbrev  0x0000000000003048       0x9f /usr/lib/gcc/arm-none-eabi/4.8/../../../arm-none-eabi/lib/armv7e-m/libc.a(lib_a-memset.o)

.debug_aranges  0x0000000000000000      0xab8
 .debug_aranges
                0x0000000000000000       0x20 build/obj/main.o
 .debug_aranges
                0x0000000000000020       0x68 build/obj/myMisc.o
 .debug_aranges
                0x0000000000000088       0x28 build/obj/usbcfg.o
 .debug_aranges
                0x00000000000000b0       0x28 build/obj/board.o
 .debug_aranges
                0x00000000000000d8       0x38 build/obj/crt0.o
 .debug_aranges
                0x0000000000000110       0x20 build/obj/vectors.o
 .debug_aranges
                0x0000000000000130       0x20 build/obj/chcore.o
 .debug_aranges
                0x0000000000000150       0x50 build/obj/chcore_v7m.o
 .debug_aranges
                0x00000000000001a0       0x30 build/obj/nvic.o
 .debug_aranges
                0x00000000000001d0       0x30 build/obj/chsys.o
 .debug_aranges
                0x0000000000000200       0x88 build/obj/chdebug.o
 .debug_aranges
                0x0000000000000288       0x38 build/obj/chvt.o
 .debug_aranges
                0x00000000000002c0       0x78 build/obj/chschd.o
 .debug_aranges
                0x0000000000000338       0x90 build/obj/chthreads.o
 .debug_aranges
                0x00000000000003c8       0x28 build/obj/chregistry.o
 .debug_aranges
                0x00000000000003f0       0x70 build/obj/chmtx.o
 .debug_aranges
                0x0000000000000460       0xa0 build/obj/chevents.o
 .debug_aranges
                0x0000000000000500       0x80 build/obj/chqueues.o
 .debug_aranges
                0x0000000000000580       0x38 build/obj/chmemcore.o
 .debug_aranges
                0x00000000000005b8       0x40 build/obj/chheap.o
 .debug_aranges
                0x00000000000005f8       0x30 build/obj/hal.o
 .debug_aranges
                0x0000000000000628       0x70 build/obj/gpt.o
 .debug_aranges
                0x0000000000000698       0xb0 build/obj/serial_usb.o
 .debug_aranges
                0x0000000000000748       0x38 build/obj/tm.o
 .debug_aranges
                0x0000000000000780       0xb8 build/obj/usb.o
 .debug_aranges
                0x0000000000000838       0x30 build/obj/hal_lld.o
 .debug_aranges
                0x0000000000000868       0x60 build/obj/gpt_lld.o
 .debug_aranges
                0x00000000000008c8       0x30 build/obj/pal_lld.o
 .debug_aranges
                0x00000000000008f8      0x150 build/obj/usb_lld.o
 .debug_aranges
                0x0000000000000a48       0x30 build/obj/chprintf.o
 .debug_aranges
                0x0000000000000a78       0x20 /usr/lib/gcc/arm-none-eabi/4.8/../../../arm-none-eabi/lib/armv7e-m/libc.a(lib_a-memcpy.o)
 .debug_aranges
                0x0000000000000a98       0x20 /usr/lib/gcc/arm-none-eabi/4.8/../../../arm-none-eabi/lib/armv7e-m/libc.a(lib_a-memset.o)

.debug_ranges   0x0000000000000000      0x8a8
 .debug_ranges  0x0000000000000000       0x10 build/obj/main.o
 .debug_ranges  0x0000000000000010       0x58 build/obj/myMisc.o
 .debug_ranges  0x0000000000000068       0x18 build/obj/usbcfg.o
 .debug_ranges  0x0000000000000080       0x18 build/obj/board.o
 .debug_ranges  0x0000000000000098       0x28 build/obj/crt0.o
 .debug_ranges  0x00000000000000c0       0x10 build/obj/vectors.o
 .debug_ranges  0x00000000000000d0       0x10 build/obj/chcore.o
 .debug_ranges  0x00000000000000e0       0x40 build/obj/chcore_v7m.o
 .debug_ranges  0x0000000000000120       0x20 build/obj/nvic.o
 .debug_ranges  0x0000000000000140       0x20 build/obj/chsys.o
 .debug_ranges  0x0000000000000160       0x78 build/obj/chdebug.o
 .debug_ranges  0x00000000000001d8       0x28 build/obj/chvt.o
 .debug_ranges  0x0000000000000200       0x68 build/obj/chschd.o
 .debug_ranges  0x0000000000000268       0x80 build/obj/chthreads.o
 .debug_ranges  0x00000000000002e8       0x18 build/obj/chregistry.o
 .debug_ranges  0x0000000000000300       0x60 build/obj/chmtx.o
 .debug_ranges  0x0000000000000360       0x90 build/obj/chevents.o
 .debug_ranges  0x00000000000003f0       0x70 build/obj/chqueues.o
 .debug_ranges  0x0000000000000460       0x28 build/obj/chmemcore.o
 .debug_ranges  0x0000000000000488       0x30 build/obj/chheap.o
 .debug_ranges  0x00000000000004b8       0x20 build/obj/hal.o
 .debug_ranges  0x00000000000004d8       0x60 build/obj/gpt.o
 .debug_ranges  0x0000000000000538       0xa0 build/obj/serial_usb.o
 .debug_ranges  0x00000000000005d8       0x28 build/obj/tm.o
 .debug_ranges  0x0000000000000600       0xa8 build/obj/usb.o
 .debug_ranges  0x00000000000006a8       0x20 build/obj/hal_lld.o
 .debug_ranges  0x00000000000006c8       0x50 build/obj/gpt_lld.o
 .debug_ranges  0x0000000000000718       0x20 build/obj/pal_lld.o
 .debug_ranges  0x0000000000000738      0x140 build/obj/usb_lld.o
 .debug_ranges  0x0000000000000878       0x20 build/obj/chprintf.o
 .debug_ranges  0x0000000000000898       0x10 /usr/lib/gcc/arm-none-eabi/4.8/../../../arm-none-eabi/lib/armv7e-m/libc.a(lib_a-memset.o)

.debug_line     0x0000000000000000     0x4b8b
 .debug_line    0x0000000000000000      0x2eb build/obj/main.o
 .debug_line    0x00000000000002eb      0x33b build/obj/myMisc.o
 .debug_line    0x0000000000000626      0x252 build/obj/usbcfg.o
 .debug_line    0x0000000000000878      0x122 build/obj/board.o
 .debug_line    0x000000000000099a      0x16e build/obj/crt0.o
 .debug_line    0x0000000000000b08       0x72 build/obj/vectors.o
 .debug_line    0x0000000000000b7a       0x67 build/obj/chcore.o
 .debug_line    0x0000000000000be1      0x207 build/obj/chcore_v7m.o
 .debug_line    0x0000000000000de8       0xed build/obj/nvic.o
 .debug_line    0x0000000000000ed5      0x1af build/obj/chsys.o
 .debug_line    0x0000000000001084      0x2b9 build/obj/chdebug.o
 .debug_line    0x000000000000133d      0x1a5 build/obj/chvt.o
 .debug_line    0x00000000000014e2      0x2e3 build/obj/chschd.o
 .debug_line    0x00000000000017c5      0x344 build/obj/chthreads.o
 .debug_line    0x0000000000001b09      0x1ba build/obj/chregistry.o
 .debug_line    0x0000000000001cc3      0x2f9 build/obj/chmtx.o
 .debug_line    0x0000000000001fbc      0x34d build/obj/chevents.o
 .debug_line    0x0000000000002309      0x335 build/obj/chqueues.o
 .debug_line    0x000000000000263e      0x123 build/obj/chmemcore.o
 .debug_line    0x0000000000002761      0x25d build/obj/chheap.o
 .debug_line    0x00000000000029be      0x238 build/obj/hal.o
 .debug_line    0x0000000000002bf6      0x287 build/obj/gpt.o
 .debug_line    0x0000000000002e7d      0x42a build/obj/serial_usb.o
 .debug_line    0x00000000000032a7      0x1d0 build/obj/tm.o
 .debug_line    0x0000000000003477      0x55c build/obj/usb.o
 .debug_line    0x00000000000039d3      0x1c1 build/obj/hal_lld.o
 .debug_line    0x0000000000003b94      0x257 build/obj/gpt_lld.o
 .debug_line    0x0000000000003deb      0x1a3 build/obj/pal_lld.o
 .debug_line    0x0000000000003f8e      0x7cc build/obj/usb_lld.o
 .debug_line    0x000000000000475a      0x252 build/obj/chprintf.o
 .debug_line    0x00000000000049ac       0xb8 /usr/lib/gcc/arm-none-eabi/4.8/../../../arm-none-eabi/lib/armv7e-m/libc.a(lib_a-memcpy.o)
 .debug_line    0x0000000000004a64      0x127 /usr/lib/gcc/arm-none-eabi/4.8/../../../arm-none-eabi/lib/armv7e-m/libc.a(lib_a-memset.o)

.debug_str      0x0000000000000000     0x2fa5
 .debug_str     0x0000000000000000      0xb49 build/obj/main.o
                                        0xc3e (size before relaxing)
 .debug_str     0x0000000000000b49       0xc8 build/obj/myMisc.o
                                        0x51c (size before relaxing)
 .debug_str     0x0000000000000c11      0x125 build/obj/usbcfg.o
                                        0xba9 (size before relaxing)
 .debug_str     0x0000000000000d36       0xb3 build/obj/board.o
                                        0x2b9 (size before relaxing)
 .debug_str     0x0000000000000de9      0x1b3 build/obj/crt0.o
                                        0x372 (size before relaxing)
 .debug_str     0x0000000000000f9c       0x5b build/obj/vectors.o
                                        0x1e1 (size before relaxing)
 .debug_str     0x0000000000000ff7       0x3c build/obj/chcore.o
                                        0x1c2 (size before relaxing)
 .debug_str     0x0000000000001033       0xc9 build/obj/chcore_v7m.o
                                        0x4d1 (size before relaxing)
 .debug_str     0x00000000000010fc       0xc2 build/obj/nvic.o
                                        0x2cc (size before relaxing)
 .debug_str     0x00000000000011be      0x1d0 build/obj/chsys.o
                                        0x56a (size before relaxing)
 .debug_str     0x000000000000138e      0x1b2 build/obj/chdebug.o
                                        0x58c (size before relaxing)
 .debug_str     0x0000000000001540       0x5d build/obj/chvt.o
                                        0x27b (size before relaxing)
 .debug_str     0x000000000000159d      0x106 build/obj/chschd.o
                                        0x4cc (size before relaxing)
 .debug_str     0x00000000000016a3      0x110 build/obj/chthreads.o
                                        0x502 (size before relaxing)
 .debug_str     0x00000000000017b3       0x51 build/obj/chregistry.o
                                        0x4d9 (size before relaxing)
 .debug_str     0x0000000000001804       0x99 build/obj/chmtx.o
                                        0x43a (size before relaxing)
 .debug_str     0x000000000000189d      0x175 build/obj/chevents.o
                                        0x556 (size before relaxing)
 .debug_str     0x0000000000001a12       0xc4 build/obj/chqueues.o
                                        0x4dc (size before relaxing)
 .debug_str     0x0000000000001ad6       0x8a build/obj/chmemcore.o
                                        0x242 (size before relaxing)
 .debug_str     0x0000000000001b60       0xc7 build/obj/chheap.o
                                        0x422 (size before relaxing)
 .debug_str     0x0000000000001c27       0xa8 build/obj/hal.o
                                        0x30a (size before relaxing)
 .debug_str     0x0000000000001ccf      0x20d build/obj/gpt.o
                                        0x3e7 (size before relaxing)
 .debug_str     0x0000000000001edc      0x10e build/obj/serial_usb.o
                                        0xc18 (size before relaxing)
 .debug_str     0x0000000000001fea       0x7d build/obj/tm.o
                                        0x293 (size before relaxing)
 .debug_str     0x0000000000002067      0x1b2 build/obj/usb.o
                                        0xbce (size before relaxing)
 .debug_str     0x0000000000002219      0x1ca build/obj/hal_lld.o
                                        0x3e8 (size before relaxing)
 .debug_str     0x00000000000023e3      0x5cd build/obj/gpt_lld.o
                                        0xa08 (size before relaxing)
 .debug_str     0x00000000000029b0       0x97 build/obj/pal_lld.o
                                        0x441 (size before relaxing)
 .debug_str     0x0000000000002a47      0x36f build/obj/usb_lld.o
                                       0x140e (size before relaxing)
 .debug_str     0x0000000000002db6       0xba build/obj/chprintf.o
                                        0x30d (size before relaxing)
 .debug_str     0x0000000000002e70      0x135 /usr/lib/gcc/arm-none-eabi/4.8/../../../arm-none-eabi/lib/armv7e-m/libc.a(lib_a-memset.o)
                                        0x1d5 (size before relaxing)

.comment        0x0000000000000000       0x2b
 .comment       0x0000000000000000       0x2b build/obj/main.o
                                         0x2c (size before relaxing)
 .comment       0x000000000000002b       0x2c build/obj/myMisc.o
 .comment       0x000000000000002b       0x2c build/obj/usbcfg.o
 .comment       0x000000000000002b       0x2c build/obj/board.o
 .comment       0x000000000000002b       0x2c build/obj/crt0.o
 .comment       0x000000000000002b       0x2c build/obj/vectors.o
 .comment       0x000000000000002b       0x2c build/obj/chcore.o
 .comment       0x000000000000002b       0x2c build/obj/chcore_v7m.o
 .comment       0x000000000000002b       0x2c build/obj/nvic.o
 .comment       0x000000000000002b       0x2c build/obj/chsys.o
 .comment       0x000000000000002b       0x2c build/obj/chdebug.o
 .comment       0x000000000000002b       0x2c build/obj/chvt.o
 .comment       0x000000000000002b       0x2c build/obj/chschd.o
 .comment       0x000000000000002b       0x2c build/obj/chthreads.o
 .comment       0x000000000000002b       0x2c build/obj/chregistry.o
 .comment       0x000000000000002b       0x2c build/obj/chmtx.o
 .comment       0x000000000000002b       0x2c build/obj/chevents.o
 .comment       0x000000000000002b       0x2c build/obj/chqueues.o
 .comment       0x000000000000002b       0x2c build/obj/chmemcore.o
 .comment       0x000000000000002b       0x2c build/obj/chheap.o
 .comment       0x000000000000002b       0x2c build/obj/hal.o
 .comment       0x000000000000002b       0x2c build/obj/gpt.o
 .comment       0x000000000000002b       0x2c build/obj/serial_usb.o
 .comment       0x000000000000002b       0x2c build/obj/tm.o
 .comment       0x000000000000002b       0x2c build/obj/usb.o
 .comment       0x000000000000002b       0x2c build/obj/hal_lld.o
 .comment       0x000000000000002b       0x2c build/obj/gpt_lld.o
 .comment       0x000000000000002b       0x2c build/obj/pal_lld.o
 .comment       0x000000000000002b       0x2c build/obj/usb_lld.o
 .comment       0x000000000000002b       0x2c build/obj/chprintf.o
 .comment       0x000000000000002b       0x2c /usr/lib/gcc/arm-none-eabi/4.8/../../../arm-none-eabi/lib/armv7e-m/libc.a(lib_a-memset.o)

.ARM.attributes
                0x0000000000000000       0x35
 .ARM.attributes
                0x0000000000000000       0x37 build/obj/main.o
 .ARM.attributes
                0x0000000000000037       0x37 build/obj/myMisc.o
 .ARM.attributes
                0x000000000000006e       0x37 build/obj/usbcfg.o
 .ARM.attributes
                0x00000000000000a5       0x37 build/obj/board.o
 .ARM.attributes
                0x00000000000000dc       0x37 build/obj/crt0.o
 .ARM.attributes
                0x0000000000000113       0x37 build/obj/vectors.o
 .ARM.attributes
                0x000000000000014a       0x37 build/obj/chcore.o
 .ARM.attributes
                0x0000000000000181       0x37 build/obj/chcore_v7m.o
 .ARM.attributes
                0x00000000000001b8       0x37 build/obj/nvic.o
 .ARM.attributes
                0x00000000000001ef       0x37 build/obj/chsys.o
 .ARM.attributes
                0x0000000000000226       0x37 build/obj/chdebug.o
 .ARM.attributes
                0x000000000000025d       0x37 build/obj/chvt.o
 .ARM.attributes
                0x0000000000000294       0x37 build/obj/chschd.o
 .ARM.attributes
                0x00000000000002cb       0x37 build/obj/chthreads.o
 .ARM.attributes
                0x0000000000000302       0x37 build/obj/chregistry.o
 .ARM.attributes
                0x0000000000000339       0x37 build/obj/chmtx.o
 .ARM.attributes
                0x0000000000000370       0x37 build/obj/chevents.o
 .ARM.attributes
                0x00000000000003a7       0x37 build/obj/chqueues.o
 .ARM.attributes
                0x00000000000003de       0x37 build/obj/chmemcore.o
 .ARM.attributes
                0x0000000000000415       0x37 build/obj/chheap.o
 .ARM.attributes
                0x000000000000044c       0x37 build/obj/hal.o
 .ARM.attributes
                0x0000000000000483       0x37 build/obj/gpt.o
 .ARM.attributes
                0x00000000000004ba       0x37 build/obj/serial_usb.o
 .ARM.attributes
                0x00000000000004f1       0x37 build/obj/tm.o
 .ARM.attributes
                0x0000000000000528       0x37 build/obj/usb.o
 .ARM.attributes
                0x000000000000055f       0x37 build/obj/hal_lld.o
 .ARM.attributes
                0x0000000000000596       0x37 build/obj/gpt_lld.o
 .ARM.attributes
                0x00000000000005cd       0x37 build/obj/pal_lld.o
 .ARM.attributes
                0x0000000000000604       0x37 build/obj/usb_lld.o
 .ARM.attributes
                0x000000000000063b       0x37 build/obj/chprintf.o
 .ARM.attributes
                0x0000000000000672       0x1c /usr/lib/gcc/arm-none-eabi/4.8/../../../arm-none-eabi/lib/armv7e-m/libc.a(lib_a-memcpy.o)
 .ARM.attributes
                0x000000000000068e       0x2e /usr/lib/gcc/arm-none-eabi/4.8/../../../arm-none-eabi/lib/armv7e-m/libc.a(lib_a-memset.o)

.debug_frame    0x0000000000000000     0x1a64
 .debug_frame   0x0000000000000000       0x2c build/obj/main.o
 .debug_frame   0x000000000000002c      0x100 build/obj/myMisc.o
 .debug_frame   0x000000000000012c       0x40 build/obj/usbcfg.o
 .debug_frame   0x000000000000016c       0x3c build/obj/board.o
 .debug_frame   0x00000000000001a8       0x50 build/obj/crt0.o
 .debug_frame   0x00000000000001f8       0x20 build/obj/vectors.o
 .debug_frame   0x0000000000000218       0x20 build/obj/chcore.o
 .debug_frame   0x0000000000000238       0xac build/obj/chcore_v7m.o
 .debug_frame   0x00000000000002e4       0x64 build/obj/nvic.o
 .debug_frame   0x0000000000000348       0x5c build/obj/chsys.o
 .debug_frame   0x00000000000003a4      0x184 build/obj/chdebug.o
 .debug_frame   0x0000000000000528       0x6c build/obj/chvt.o
 .debug_frame   0x0000000000000594      0x144 build/obj/chschd.o
 .debug_frame   0x00000000000006d8      0x194 build/obj/chthreads.o
 .debug_frame   0x000000000000086c       0x48 build/obj/chregistry.o
 .debug_frame   0x00000000000008b4      0x12c build/obj/chmtx.o
 .debug_frame   0x00000000000009e0      0x1e4 build/obj/chevents.o
 .debug_frame   0x0000000000000bc4      0x15c build/obj/chqueues.o
 .debug_frame   0x0000000000000d20       0x68 build/obj/chmemcore.o
 .debug_frame   0x0000000000000d88       0x9c build/obj/chheap.o
 .debug_frame   0x0000000000000e24       0x5c build/obj/hal.o
 .debug_frame   0x0000000000000e80      0x13c build/obj/gpt.o
 .debug_frame   0x0000000000000fbc      0x208 build/obj/serial_usb.o
 .debug_frame   0x00000000000011c4       0x68 build/obj/tm.o
 .debug_frame   0x000000000000122c      0x238 build/obj/usb.o
 .debug_frame   0x0000000000001464       0x4c build/obj/hal_lld.o
 .debug_frame   0x00000000000014b0       0xf4 build/obj/gpt_lld.o
 .debug_frame   0x00000000000015a4       0x54 build/obj/pal_lld.o
 .debug_frame   0x00000000000015f8      0x3d8 build/obj/usb_lld.o
 .debug_frame   0x00000000000019d0       0x68 build/obj/chprintf.o
 .debug_frame   0x0000000000001a38       0x2c /usr/lib/gcc/arm-none-eabi/4.8/../../../arm-none-eabi/lib/armv7e-m/libc.a(lib_a-memset.o)

.debug_loc      0x0000000000000000      0x18b
 .debug_loc     0x0000000000000000      0x18b /usr/lib/gcc/arm-none-eabi/4.8/../../../arm-none-eabi/lib/armv7e-m/libc.a(lib_a-memset.o)

Cross Reference Table

Symbol                                            File
BusFaultVector                                    build/obj/vectors.o
DebugMonitorVector                                build/obj/vectors.o
GPTD1                                             build/obj/gpt_lld.o
GPTD2                                             build/obj/gpt_lld.o
HardFaultVector                                   build/obj/vectors.o
MemManageVector                                   build/obj/vectors.o
NMIVector                                         build/obj/vectors.o
PendSVVector                                      build/obj/vectors.o
ResetHandler                                      build/obj/crt0.o
                                                  build/obj/vectors.o
SVCallVector                                      build/obj/chcore_v7m.o
                                                  build/obj/vectors.o
SysTickVector                                     build/obj/chcore_v7m.o
                                                  build/obj/vectors.o
USBD1                                             build/obj/usb_lld.o
                                                  build/obj/usbcfg.o
UsageFaultVector                                  build/obj/vectors.o
Vector100                                         build/obj/vectors.o
Vector104                                         build/obj/vectors.o
Vector108                                         build/obj/vectors.o
Vector10C                                         build/obj/vectors.o
Vector110                                         build/obj/vectors.o
Vector114                                         build/obj/vectors.o
Vector118                                         build/obj/vectors.o
Vector11C                                         build/obj/vectors.o
Vector120                                         build/obj/vectors.o
Vector124                                         build/obj/vectors.o
Vector128                                         build/obj/vectors.o
Vector12C                                         build/obj/vectors.o
Vector130                                         build/obj/vectors.o
Vector134                                         build/obj/vectors.o
Vector138                                         build/obj/vectors.o
Vector13C                                         build/obj/vectors.o
Vector140                                         build/obj/vectors.o
Vector144                                         build/obj/vectors.o
Vector148                                         build/obj/vectors.o
Vector14C                                         build/obj/usb_lld.o
                                                  build/obj/vectors.o
Vector150                                         build/obj/vectors.o
Vector154                                         build/obj/vectors.o
Vector158                                         build/obj/vectors.o
Vector15C                                         build/obj/vectors.o
Vector160                                         build/obj/vectors.o
Vector164                                         build/obj/vectors.o
Vector168                                         build/obj/vectors.o
Vector16C                                         build/obj/vectors.o
Vector170                                         build/obj/vectors.o
Vector174                                         build/obj/vectors.o
Vector178                                         build/obj/vectors.o
Vector17C                                         build/obj/vectors.o
Vector180                                         build/obj/vectors.o
Vector184                                         build/obj/vectors.o
Vector1C                                          build/obj/vectors.o
Vector20                                          build/obj/vectors.o
Vector24                                          build/obj/vectors.o
Vector28                                          build/obj/vectors.o
Vector34                                          build/obj/vectors.o
Vector40                                          build/obj/vectors.o
Vector44                                          build/obj/vectors.o
Vector48                                          build/obj/vectors.o
Vector4C                                          build/obj/vectors.o
Vector50                                          build/obj/vectors.o
Vector54                                          build/obj/vectors.o
Vector58                                          build/obj/vectors.o
Vector5C                                          build/obj/vectors.o
Vector60                                          build/obj/vectors.o
Vector64                                          build/obj/vectors.o
Vector68                                          build/obj/vectors.o
Vector6C                                          build/obj/vectors.o
Vector70                                          build/obj/vectors.o
Vector74                                          build/obj/vectors.o
Vector78                                          build/obj/vectors.o
Vector7C                                          build/obj/vectors.o
Vector80                                          build/obj/vectors.o
Vector84                                          build/obj/vectors.o
Vector88                                          build/obj/vectors.o
Vector8C                                          build/obj/vectors.o
Vector90                                          build/obj/vectors.o
Vector94                                          build/obj/vectors.o
Vector98                                          build/obj/vectors.o
Vector9C                                          build/obj/vectors.o
VectorA0                                          build/obj/vectors.o
VectorA4                                          build/obj/gpt_lld.o
                                                  build/obj/vectors.o
VectorA8                                          build/obj/vectors.o
VectorAC                                          build/obj/vectors.o
VectorB0                                          build/obj/gpt_lld.o
                                                  build/obj/vectors.o
VectorB4                                          build/obj/vectors.o
VectorB8                                          build/obj/vectors.o
VectorBC                                          build/obj/vectors.o
VectorC0                                          build/obj/vectors.o
VectorC4                                          build/obj/vectors.o
VectorC8                                          build/obj/vectors.o
VectorCC                                          build/obj/vectors.o
VectorD0                                          build/obj/vectors.o
VectorD4                                          build/obj/vectors.o
VectorD8                                          build/obj/vectors.o
VectorDC                                          build/obj/vectors.o
VectorE0                                          build/obj/vectors.o
VectorE4                                          build/obj/vectors.o
VectorE8                                          build/obj/vectors.o
VectorEC                                          build/obj/vectors.o
VectorF0                                          build/obj/vectors.o
VectorF4                                          build/obj/vectors.o
VectorF8                                          build/obj/vectors.o
VectorFC                                          build/obj/vectors.o
__ctype_ptr__                                     /usr/lib/gcc/arm-none-eabi/4.8/../../../arm-none-eabi/lib/armv7e-m/libc.a(lib_a-ctype_.o)
                                                  /usr/lib/gcc/arm-none-eabi/4.8/../../../arm-none-eabi/lib/armv7e-m/libc.a(lib_a-strtol.o)
                                                  /usr/lib/gcc/arm-none-eabi/4.8/../../../arm-none-eabi/lib/armv7e-m/libc.a(lib_a-strcasecmp.o)
__early_init                                      build/obj/board.o
__fini_array_end                                  build/obj/crt0.o
__fini_array_start                                build/obj/crt0.o
__heap_base__                                     build/obj/chmemcore.o
__heap_end__                                      build/obj/chmemcore.o
__init_array_end                                  build/obj/crt0.o
__init_array_start                                build/obj/crt0.o
__late_init                                       build/obj/crt0.o
__main_stack_base__                               build/obj/crt0.o
__main_stack_end__                                build/obj/vectors.o
                                                  build/obj/crt0.o
__main_thread_stack_base__                        build/obj/chsys.o
__process_stack_base__                            build/obj/crt0.o
__process_stack_end__                             build/obj/crt0.o
_atoi_r                                           /usr/lib/gcc/arm-none-eabi/4.8/../../../arm-none-eabi/lib/armv7e-m/libc.a(lib_a-atoi.o)
_bss_end                                          build/obj/crt0.o
_bss_start                                        build/obj/crt0.o
_core_init                                        build/obj/chmemcore.o
                                                  build/obj/chsys.o
_ctype_                                           /usr/lib/gcc/arm-none-eabi/4.8/../../../arm-none-eabi/lib/armv7e-m/libc.a(lib_a-ctype_.o)
_data                                             build/obj/crt0.o
_default_exit                                     build/obj/crt0.o
_edata                                            build/obj/crt0.o
_global_impure_ptr                                /usr/lib/gcc/arm-none-eabi/4.8/../../../arm-none-eabi/lib/armv7e-m/libc.a(lib_a-impure.o)
_heap_init                                        build/obj/chheap.o
                                                  build/obj/chsys.o
_idle_thread                                      build/obj/chsys.o
_idle_thread_wa                                   build/obj/chsys.o
_impure_ptr                                       /usr/lib/gcc/arm-none-eabi/4.8/../../../arm-none-eabi/lib/armv7e-m/libc.a(lib_a-impure.o)
                                                  /usr/lib/gcc/arm-none-eabi/4.8/../../../arm-none-eabi/lib/armv7e-m/libc.a(lib_a-strtol.o)
                                                  /usr/lib/gcc/arm-none-eabi/4.8/../../../arm-none-eabi/lib/armv7e-m/libc.a(lib_a-rand.o)
_pal_lld_init                                     build/obj/pal_lld.o
                                                  build/obj/hal.o
_pal_lld_setgroupmode                             build/obj/pal_lld.o
                                                  build/obj/pal.o
                                                  build/obj/led_blinking.o
_port_init                                        build/obj/chcore_v7m.o
                                                  build/obj/chsys.o
_port_irq_epilogue                                build/obj/chcore_v7m.o
                                                  build/obj/usb_lld.o
                                                  build/obj/gpt_lld.o
_port_switch                                      build/obj/chcore_v7m.o
                                                  build/obj/chschd.o
_port_switch_from_isr                             build/obj/chcore_v7m.o
_port_thread_start                                build/obj/chcore_v7m.o
                                                  build/obj/chthreads.o
_scheduler_init                                   build/obj/chschd.o
                                                  build/obj/chsys.o
_strtol_r                                         /usr/lib/gcc/arm-none-eabi/4.8/../../../arm-none-eabi/lib/armv7e-m/libc.a(lib_a-strtol.o)
                                                  /usr/lib/gcc/arm-none-eabi/4.8/../../../arm-none-eabi/lib/armv7e-m/libc.a(lib_a-atoi.o)
_textdata                                         build/obj/crt0.o
_thread_init                                      build/obj/chthreads.o
                                                  build/obj/chsys.o
_thread_memfill                                   build/obj/chthreads.o
                                                  build/obj/usb_lld.o
                                                  build/obj/chdynamic.o
_trace_init                                       build/obj/chdebug.o
                                                  build/obj/chsys.o
_unhandled_exception                              build/obj/vectors.o
_usb_ep0in                                        build/obj/usb.o
                                                  build/obj/usb_lld.o
_usb_ep0out                                       build/obj/usb.o
                                                  build/obj/usb_lld.o
_usb_ep0setup                                     build/obj/usb.o
                                                  build/obj/usb_lld.o
_usb_reset                                        build/obj/usb.o
                                                  build/obj/usb_lld.o
_vectors                                          build/obj/vectors.o
_vt_init                                          build/obj/chvt.o
                                                  build/obj/chsys.o
atoi                                              /usr/lib/gcc/arm-none-eabi/4.8/../../../arm-none-eabi/lib/armv7e-m/libc.a(lib_a-atoi.o)
                                                  build/obj/myMisc.o
blinkspeed                                        build/obj/myMisc.o
boardInit                                         build/obj/board.o
                                                  build/obj/hal.o
bsset                                             build/obj/myMisc.o
                                                  build/obj/main.o
c                                                 build/obj/myMisc.o
chCondBroadcast                                   build/obj/chcond.o
chCondBroadcastI                                  build/obj/chcond.o
chCondInit                                        build/obj/chcond.o
chCondSignal                                      build/obj/chcond.o
chCondSignalI                                     build/obj/chcond.o
chCondWait                                        build/obj/chcond.o
chCondWaitS                                       build/obj/chcond.o
chCondWaitTimeout                                 build/obj/chcond.o
chCondWaitTimeoutS                                build/obj/chcond.o
chCoreAlloc                                       build/obj/chmemcore.o
                                                  build/obj/chheap.o
chCoreAllocI                                      build/obj/chmemcore.o
chCoreStatus                                      build/obj/chmemcore.o
                                                  build/obj/myMisc.o
chDbgCheckClassI                                  build/obj/chdebug.o
                                                  build/obj/usb.o
                                                  build/obj/gpt.o
                                                  build/obj/chmempools.o
                                                  build/obj/chmemcore.o
                                                  build/obj/chqueues.o
                                                  build/obj/chmboxes.o
                                                  build/obj/chevents.o
                                                  build/obj/chcond.o
                                                  build/obj/chsem.o
                                                  build/obj/chthreads.o
                                                  build/obj/chschd.o
                                                  build/obj/chvt.o
                                                  build/obj/chsys.o
chDbgCheckClassS                                  build/obj/chdebug.o
                                                  build/obj/chmboxes.o
                                                  build/obj/chcond.o
                                                  build/obj/chmtx.o
                                                  build/obj/chsem.o
                                                  build/obj/chschd.o
chDbgPanic                                        build/obj/chdebug.o
                                                  build/obj/usb_lld.o
                                                  build/obj/gpt_lld.o
                                                  build/obj/usb.o
                                                  build/obj/serial_usb.o
                                                  build/obj/pal.o
                                                  build/obj/gpt.o
                                                  build/obj/chmempools.o
                                                  build/obj/chheap.o
                                                  build/obj/chqueues.o
                                                  build/obj/chmboxes.o
                                                  build/obj/chmsg.o
                                                  build/obj/chevents.o
                                                  build/obj/chcond.o
                                                  build/obj/chmtx.o
                                                  build/obj/chsem.o
                                                  build/obj/chregistry.o
                                                  build/obj/chdynamic.o
                                                  build/obj/chthreads.o
                                                  build/obj/chschd.o
                                                  build/obj/chvt.o
chEvtAddEvents                                    build/obj/chevents.o
chEvtBroadcastFlags                               build/obj/chevents.o
chEvtBroadcastFlagsI                              build/obj/chevents.o
                                                  build/obj/shell.o
                                                  build/obj/serial_usb.o
chEvtDispatch                                     build/obj/chevents.o
chEvtGetAndClearEvents                            build/obj/chevents.o
chEvtGetAndClearFlags                             build/obj/chevents.o
chEvtGetAndClearFlagsI                            build/obj/chevents.o
chEvtRegisterMask                                 build/obj/chevents.o
chEvtSignal                                       build/obj/chevents.o
chEvtSignalI                                      build/obj/chevents.o
chEvtUnregister                                   build/obj/chevents.o
chEvtWaitAll                                      build/obj/chevents.o
chEvtWaitAllTimeout                               build/obj/chevents.o
chEvtWaitAny                                      build/obj/chevents.o
chEvtWaitAnyTimeout                               build/obj/chevents.o
chEvtWaitOne                                      build/obj/chevents.o
chEvtWaitOneTimeout                               build/obj/chevents.o
chHeapAlloc                                       build/obj/chheap.o
                                                  build/obj/chdynamic.o
chHeapFree                                        build/obj/chheap.o
                                                  build/obj/chdynamic.o
chHeapInit                                        build/obj/chheap.o
chHeapStatus                                      build/obj/chheap.o
                                                  build/obj/myMisc.o
chIQGetTimeout                                    build/obj/chqueues.o
                                                  build/obj/serial_usb.o
chIQInit                                          build/obj/chqueues.o
                                                  build/obj/serial_usb.o
chIQPutI                                          build/obj/chqueues.o
chIQReadTimeout                                   build/obj/chqueues.o
                                                  build/obj/serial_usb.o
chIQResetI                                        build/obj/chqueues.o
                                                  build/obj/serial_usb.o
chMBFetch                                         build/obj/chmboxes.o
chMBFetchI                                        build/obj/chmboxes.o
chMBFetchS                                        build/obj/chmboxes.o
chMBInit                                          build/obj/chmboxes.o
chMBPost                                          build/obj/chmboxes.o
chMBPostAhead                                     build/obj/chmboxes.o
chMBPostAheadI                                    build/obj/chmboxes.o
chMBPostAheadS                                    build/obj/chmboxes.o
chMBPostI                                         build/obj/chmboxes.o
chMBPostS                                         build/obj/chmboxes.o
chMBReset                                         build/obj/chmboxes.o
chMsgRelease                                      build/obj/chmsg.o
chMsgSend                                         build/obj/chmsg.o
chMsgWait                                         build/obj/chmsg.o
chMtxInit                                         build/obj/chmtx.o
                                                  build/obj/chheap.o
chMtxLock                                         build/obj/chmtx.o
                                                  build/obj/chheap.o
chMtxLockS                                        build/obj/chmtx.o
                                                  build/obj/chcond.o
chMtxTryLock                                      build/obj/chmtx.o
chMtxTryLockS                                     build/obj/chmtx.o
chMtxUnlock                                       build/obj/chmtx.o
                                                  build/obj/chheap.o
chMtxUnlockAll                                    build/obj/chmtx.o
chMtxUnlockS                                      build/obj/chmtx.o
                                                  build/obj/chcond.o
chOQGetI                                          build/obj/chqueues.o
chOQInit                                          build/obj/chqueues.o
                                                  build/obj/serial_usb.o
chOQPutTimeout                                    build/obj/chqueues.o
                                                  build/obj/serial_usb.o
chOQResetI                                        build/obj/chqueues.o
                                                  build/obj/serial_usb.o
chOQWriteTimeout                                  build/obj/chqueues.o
                                                  build/obj/serial_usb.o
chPoolAlloc                                       build/obj/chmempools.o
                                                  build/obj/chdynamic.o
chPoolAllocI                                      build/obj/chmempools.o
chPoolFree                                        build/obj/chmempools.o
                                                  build/obj/chdynamic.o
chPoolFreeI                                       build/obj/chmempools.o
chPoolInit                                        build/obj/chmempools.o
chPoolLoadArray                                   build/obj/chmempools.o
chRegFirstThread                                  build/obj/chregistry.o
                                                  build/obj/myMisc.o
chRegNextThread                                   build/obj/chregistry.o
                                                  build/obj/myMisc.o
chSchDoReschedule                                 build/obj/chschd.o
                                                  build/obj/chcore_v7m.o
chSchDoRescheduleAhead                            build/obj/chschd.o
chSchDoRescheduleBehind                           build/obj/chschd.o
                                                  build/obj/chthreads.o
chSchGoSleepS                                     build/obj/chschd.o
                                                  build/obj/usb_lld.o
                                                  build/obj/chmsg.o
                                                  build/obj/chevents.o
                                                  build/obj/chcond.o
                                                  build/obj/chmtx.o
                                                  build/obj/chsem.o
                                                  build/obj/chthreads.o
chSchGoSleepTimeoutS                              build/obj/chschd.o
                                                  build/obj/chqueues.o
                                                  build/obj/chevents.o
                                                  build/obj/chcond.o
                                                  build/obj/chsem.o
                                                  build/obj/chthreads.o
chSchReadyI                                       build/obj/chschd.o
                                                  build/obj/usb_lld.o
                                                  build/obj/chqueues.o
                                                  build/obj/chmsg.o
                                                  build/obj/chevents.o
                                                  build/obj/chcond.o
                                                  build/obj/chmtx.o
                                                  build/obj/chsem.o
                                                  build/obj/chthreads.o
chSchRescheduleS                                  build/obj/chschd.o
                                                  build/obj/usb_lld.o
                                                  build/obj/chmboxes.o
                                                  build/obj/chevents.o
                                                  build/obj/chcond.o
                                                  build/obj/chmtx.o
                                                  build/obj/chsem.o
                                                  build/obj/chthreads.o
chSchWakeupS                                      build/obj/chschd.o
                                                  build/obj/chmsg.o
                                                  build/obj/chcond.o
                                                  build/obj/chmtx.o
                                                  build/obj/chsem.o
                                                  build/obj/chdynamic.o
                                                  build/obj/chthreads.o
chSemAddCounterI                                  build/obj/chsem.o
chSemInit                                         build/obj/chsem.o
                                                  build/obj/chmboxes.o
chSemReset                                        build/obj/chsem.o
chSemResetI                                       build/obj/chsem.o
                                                  build/obj/chmboxes.o
chSemSignal                                       build/obj/chsem.o
chSemSignalI                                      build/obj/chsem.o
                                                  build/obj/chmboxes.o
chSemSignalWait                                   build/obj/chsem.o
chSemWait                                         build/obj/chsem.o
chSemWaitS                                        build/obj/chsem.o
chSemWaitTimeout                                  build/obj/chsem.o
chSemWaitTimeoutS                                 build/obj/chsem.o
                                                  build/obj/chmboxes.o
chSysInit                                         build/obj/chsys.o
                                                  build/obj/main.o
chSysTimerHandlerI                                build/obj/chsys.o
                                                  build/obj/chcore_v7m.o
chThdAddRef                                       build/obj/chdynamic.o
chThdCreateFromHeap                               build/obj/chdynamic.o
                                                  build/obj/shell.o
chThdCreateFromMemoryPool                         build/obj/chdynamic.o
chThdCreateI                                      build/obj/chthreads.o